[Licensing::Module] Trying to connect to existing licensing client channel...
[Licensing::IpcConnector] Channel LicenseClient-Moussa doesn't exist
Built from '6000.4/staging' branch; Version is '6000.4.0b11 (d7070c58cf66) revision 14092044'; Using compiler version '194234433'; Build Type 'Release'
OS: 'Windows 11  (10.0.26100) Professional' Language: 'en' Physical Memory: 32713 MB
BatchMode: 1, IsHumanControllingUs: 0, StartBugReporterOnCrash: 0, Is64bit: 1
System  architecture: x64
Process architecture: x64
Date: 2026-03-29T00:34:07Z
[Licensing::Module] Successfully launched the LicensingClient (PId: 24624)

COMMAND LINE ARGUMENTS:
G:\Unity Hub\Editor\6000.4.0b11\Editor\Unity.exe
-batchmode
-nographics
-projectPath
D:\0_code\Smart_Glasses_Distilled\AR-campus-nav
-runTests
-testPlatform
EditMode
-testResults
D:\0_code\Smart_Glasses_Distilled\artifacts\unity-editmode-results.xml
-logFile
D:\0_code\Smart_Glasses_Distilled\artifacts\unity-editmode.log
-quit
Successfully changed project path to: D:\0_code\Smart_Glasses_Distilled\AR-campus-nav
D:/0_code/Smart_Glasses_Distilled/AR-campus-nav
[UnityMemory] Configuration Parameters - Can be set up in boot.config
    "memorysetup-temp-allocator-size-gi-baking-worker=262144"
    "memorysetup-temp-allocator-size-gi-baking-worker=262144"
    "memorysetup-temp-allocator-size-gi-baking-worker=262144"
    "memorysetup-temp-allocator-size-gi-baking-worker=262144"
    "memorysetup-temp-allocator-size-gi-baking-worker=262144"
    "memorysetup-temp-allocator-size-nav-mesh-worker=65536"
    "memorysetup-temp-allocator-size-audio-worker=65536"
    "memorysetup-temp-allocator-size-cloud-worker=32768"
    "memorysetup-temp-allocator-size-gfx=262144"
    "memorysetup-temp-allocator-size-preload-manager=33554432"
    "memorysetup-temp-allocator-size-job-worker=262144"
    "memorysetup-temp-allocator-size-background-worker=32768"
    "memorysetup-allocator-temp-initial-block-size-main=262144"
    "memorysetup-allocator-temp-initial-block-size-worker=262144"
    "memorysetup-bucket-allocator-granularity=16"
    "memorysetup-bucket-allocator-bucket-count=8"
    "memorysetup-bucket-allocator-block-size=33554432"
    "memorysetup-bucket-allocator-block-count=8"
    "memorysetup-main-allocator-block-size=16777216"
    "memorysetup-thread-allocator-block-size=16777216"
    "memorysetup-gfx-main-allocator-block-size=16777216"
    "memorysetup-gfx-thread-allocator-block-size=16777216"
    "memorysetup-cache-allocator-block-size=4194304"
    "memorysetup-typetree-allocator-block-size=2097152"
    "memorysetup-profiler-bucket-allocator-granularity=16"
    "memorysetup-profiler-bucket-allocator-bucket-count=8"
    "memorysetup-profiler-bucket-allocator-block-size=33554432"
    "memorysetup-profiler-bucket-allocator-block-count=8"
    "memorysetup-profiler-allocator-block-size=16777216"
    "memorysetup-profiler-editor-allocator-block-size=1048576"
    "memorysetup-temp-allocator-size-main=16777216"
    "memorysetup-job-temp-allocator-block-size=2097152"
    "memorysetup-job-temp-allocator-block-size-background=1048576"
    "memorysetup-job-temp-allocator-reduction-small-platforms=262144"
Player connection [20460]  Target information:

Player connection [20460]  * "[IP] 192.168.100.2 [Port] 55504 [Flags] 2 [Guid] 3994321476 [EditorId] 3994321476 [Version] 1048832 [Id] WindowsEditor(7,Moussa) [Debug] 1 [PackageName] WindowsEditor [ProjectName] Editor" 

Player connection [20460]  * "[IP] 192.168.80.1 [Port] 55504 [Flags] 2 [Guid] 3994321476 [EditorId] 3994321476 [Version] 1048832 [Id] WindowsEditor(7,Moussa) [Debug] 1 [PackageName] WindowsEditor [ProjectName] Editor" 

Player connection [20460] Host joined multi-casting on [225.0.0.222:54997]...
Player connection [20460] Host joined alternative multi-casting on [225.0.0.222:34997]...
Input System module state changed to: Initialized.
[Physics::Module] Initialized fallback backend.
[Physics::Module] Id: 0xdecafbad
Starting IPC server.
Waiting for clients to connect on \\.\pipe\Unity-LicenseClient-Moussa, press Ctrl-C to exit.
[Licensing::IpcConnector] Successfully connected to: "LicenseClient-Moussa" at "2026-03-29T00:34:07.8810993Z"
[Package Manager] Connected to IPC stream "Upm-25804" after 0.4 seconds.
[Licensing::Module] Licensing is not yet initialized.
[Licensing::Client] Handshaking with LicensingClient:
  Version:                 1.18.0+23225a6
  Session Id:              4cdb92ee08da4aa4a3b5fa266b1d0bdf
  Correlation Id:          8eb6198097c7aa77a11dbae175c5ac61
  External correlation Id: 5781466088914697529
  Machine Id:              PXslEMq5QidSDLpxciJWrXwoS7M=
[Licensing::Module] Successfully connected to LicensingClient on channel: "LicenseClient-Moussa" (connect: 0.37s, validation: 0.06s, handshake: 0.44s)
[Licensing::IpcConnector] Successfully connected to: "LicenseClient-Moussa-notifications" at "2026-03-29T00:34:08.3824775Z"
[Licensing::Module] Connected to LicensingClient (PId: 24624, launch time: 0.00, total connection time: 0.87s)
[Licensing::Module] Error: Access token is unavailable; failed to update
[Licensing::Client] Successfully resolved entitlement details
[Licensing::Module] License group:
  Id: 11270373192089-UnityPersXXXX
  Product: Unity Personal
  Type: Assigned
  Expiration: Unlimited
[Licensing::Client] Successfully updated license, isAsync: True, time: 0.01
[Licensing::Module] Licensing Background thread has ended after 0.92s
[Licensing::Module] Licensing is initialized (took 0.31s).
[Licensing::Client] Successfully resolved entitlement details
Library Redirect Path: Library/
[Physics::Module] Selected backend.
[Physics::Module] Name: PhysX
[Physics::Module] Id: 0xf2b8ea05
[Physics::Module] SDK Version: 4.1.2
[Physics::Module] Integration Version: 1.0.0
[Physics::Module] Threading Mode: Multi-Threaded
Refreshing native plugins compatible for Editor in 2.03 ms, found 0 plugins.
Initialize engine version: 6000.4.0b11 (d7070c58cf66)
[Subsystems] Discovering subsystems at path G:/Unity Hub/Editor/6000.4.0b11/Editor/Data/Resources/UnitySubsystems
[Subsystems] Discovering subsystems at path D:/0_code/Smart_Glasses_Distilled/AR-campus-nav/Assets
Forcing GfxDevice: Null
GfxDevice: creating device client; kGfxThreadingModeNonThreaded
NullGfxDevice:
    Version:  NULL 1.0 [1.0]
    Renderer: Null Device
    Vendor:   Unity Technologies
Initialize mono
Mono path[0] = 'G:/Unity Hub/Editor/6000.4.0b11/Editor/Data/Managed'
Mono path[1] = 'G:/Unity Hub/Editor/6000.4.0b11/Editor/Data/MonoBleedingEdge/lib/mono/unityjit-win32'
Mono config path = 'G:/Unity Hub/Editor/6000.4.0b11/Editor/Data/MonoBleedingEdge/etc'
Using monoOptions --debugger-agent=transport=dt_socket,embedding=1,server=y,suspend=n,address=127.0.0.1:56804
CodeReloadManager initialized
Using cacheserver namespaces - metadata:defaultmetadata, artifacts:defaultartifacts
Using cacheserver namespaces - metadata:defaultmetadata, artifacts:defaultartifacts
ImportWorker Server TCP listen port: 0
AcceleratorClientConnectionCallback - disconnected - :0
Begin MonoManager ReloadAssembly
Registering precompiled unity dll's ...
Register platform support module: G:/Unity Hub/Editor/6000.4.0b11/Editor/Data/PlaybackEngines/WindowsStandaloneSupport/UnityEditor.WindowsStandalone.Extensions.dll
[Licensing::Client] Successfully resolved entitlement details
Register platform support module: G:/Unity Hub/Editor/6000.4.0b11/Editor/Data/PlaybackEngines/MetroSupport/UnityEditor.UWP.Extensions.dll
[Licensing::Client] Successfully resolved entitlement details
Register platform support module: G:/Unity Hub/Editor/6000.4.0b11/Editor/Data/PlaybackEngines/AndroidPlayer/UnityEditor.Android.Extensions.dll
Registered in 0.007098 seconds.
Native extension for Android target not found
Android Extension - Scanning For ADB Devices 1245 ms
Native extension for UWP target not found
Native extension for WindowsStandalone target not found
Package Manager log level set to [2]
ScheduleIndexationOnStartup MainProcess:False IndexOnStartup:True
Mono: successfully reloaded assembly
- Finished resetting the current domain, in  1.772 seconds
Domain Reload Profiling: 2321ms
	BeginReloadAssembly (146ms)
	RebuildCommonClasses (48ms)
	RebuildNativeTypeToScriptingClass (16ms)
	initialDomainReloadingComplete (73ms)
	LoadAllAssembliesAndSetupDomain (264ms)
		LoadAssemblies (145ms)
		AnalyzeDomain (251ms)
			TypeCache.Refresh (249ms)
				TypeCache.ScanAssembly (232ms)
	FinalizeReload (1773ms)
		SetupLoadedEditorAssemblies (0ms)
			InitializePlatformSupportModulesInManaged (1357ms)
			BeforeProcessingInitializeOnLoad (111ms)
			ProcessInitializeOnLoadAttributes (120ms)
			ProcessInitializeOnLoadMethodAttributes (101ms)
[Licensing::Client] Successfully resolved entitlement details
Application.AssetDatabase Initial Refresh Start
[Package Manager] Restoring resolved packages state from cache
[Licensing::Client] Successfully resolved entitlement details
[Package Manager] Registered 78 packages:
  Packages from [https://packages.unity.com]:
    com.unity.ai.navigation@2.0.11 (location: D:\0_code\Smart_Glasses_Distilled\AR-campus-nav\Library\PackageCache\com.unity.ai.navigation@78534c21b27d)
    com.unity.cloud.draco@5.4.2 (location: D:\0_code\Smart_Glasses_Distilled\AR-campus-nav\Library\PackageCache\com.unity.cloud.draco@c5691fa352f5)
    com.unity.cloud.gltfast@6.16.1 (location: D:\0_code\Smart_Glasses_Distilled\AR-campus-nav\Library\PackageCache\com.unity.cloud.gltfast@e6a172d771cb)
    com.unity.collab-proxy@2.11.3 (location: D:\0_code\Smart_Glasses_Distilled\AR-campus-nav\Library\PackageCache\com.unity.collab-proxy@e566cd3e7623)
    com.unity.inputsystem@1.19.0 (location: D:\0_code\Smart_Glasses_Distilled\AR-campus-nav\Library\PackageCache\com.unity.inputsystem@21a28c3a6c83)
    com.unity.timeline@1.8.9 (location: D:\0_code\Smart_Glasses_Distilled\AR-campus-nav\Library\PackageCache\com.unity.timeline@6b9e48457ddb)
    com.unity.visualscripting@1.9.10 (location: D:\0_code\Smart_Glasses_Distilled\AR-campus-nav\Library\PackageCache\com.unity.visualscripting@eb6004dcc707)
    com.unity.xr.arcore@6.4.1 (location: D:\0_code\Smart_Glasses_Distilled\AR-campus-nav\Library\PackageCache\com.unity.xr.arcore@5444eb4e4ded)
    com.unity.xr.arfoundation@6.4.1 (location: D:\0_code\Smart_Glasses_Distilled\AR-campus-nav\Library\PackageCache\com.unity.xr.arfoundation@ad22dea2a3eb)
    com.unity.xr.arkit@6.4.1 (location: D:\0_code\Smart_Glasses_Distilled\AR-campus-nav\Library\PackageCache\com.unity.xr.arkit@a24d650f63ec)
    com.unity.xr.openxr@1.16.1 (location: D:\0_code\Smart_Glasses_Distilled\AR-campus-nav\Library\PackageCache\com.unity.xr.openxr@ef0033a586bf)
    com.unity.xr.interaction.toolkit@3.4.0 (location: D:\0_code\Smart_Glasses_Distilled\AR-campus-nav\Library\PackageCache\com.unity.xr.interaction.toolkit@e986f3a5995f)
    com.unity.xr.core-utils@2.5.3 (location: D:\0_code\Smart_Glasses_Distilled\AR-campus-nav\Library\PackageCache\com.unity.xr.core-utils@f0450cbac8d6)
    com.unity.xr.hands@1.7.3 (location: D:\0_code\Smart_Glasses_Distilled\AR-campus-nav\Library\PackageCache\com.unity.xr.hands@3e241be20642)
    com.unity.xr.management@4.5.2 (location: D:\0_code\Smart_Glasses_Distilled\AR-campus-nav\Library\PackageCache\com.unity.xr.management@f589c7ba49ff)
    com.unity.xr.legacyinputhelpers@3.0.0 (location: D:\0_code\Smart_Glasses_Distilled\AR-campus-nav\Library\PackageCache\com.unity.xr.legacyinputhelpers@17f6556ff281)
    com.unity.editorcoroutines@1.0.1 (location: D:\0_code\Smart_Glasses_Distilled\AR-campus-nav\Library\PackageCache\com.unity.editorcoroutines@54394ed3283c)
    com.unity.mathematics@1.3.3 (location: D:\0_code\Smart_Glasses_Distilled\AR-campus-nav\Library\PackageCache\com.unity.mathematics@19a9377c4ffa)
    com.unity.ide.visualstudio@2.0.27 (location: D:\0_code\Smart_Glasses_Distilled\AR-campus-nav\Library\PackageCache\com.unity.ide.visualstudio@dc1ddd4f09b6)
    com.unity.ide.rider@3.0.39 (location: D:\0_code\Smart_Glasses_Distilled\AR-campus-nav\Library\PackageCache\com.unity.ide.rider@4504839d03f7)
    com.unity.performance.profile-analyzer@1.3.1 (location: D:\0_code\Smart_Glasses_Distilled\AR-campus-nav\Library\PackageCache\com.unity.performance.profile-analyzer@311968ce4be7)
    com.unity.testtools.codecoverage@1.3.0 (location: D:\0_code\Smart_Glasses_Distilled\AR-campus-nav\Library\PackageCache\com.unity.testtools.codecoverage@19a841221620)
    com.unity.burst@1.8.28 (location: D:\0_code\Smart_Glasses_Distilled\AR-campus-nav\Library\PackageCache\com.unity.burst@07790c2d06d9)
    com.unity.settings-manager@2.1.1 (location: D:\0_code\Smart_Glasses_Distilled\AR-campus-nav\Library\PackageCache\com.unity.settings-manager@0b8638c5ce86)
    com.unity.nuget.mono-cecil@1.11.6 (location: D:\0_code\Smart_Glasses_Distilled\AR-campus-nav\Library\PackageCache\com.unity.nuget.mono-cecil@ecb9724e46ff)
    com.unity.test-framework.performance@3.2.0 (location: D:\0_code\Smart_Glasses_Distilled\AR-campus-nav\Library\PackageCache\com.unity.test-framework.performance@0840f58e4562)
  Built-in packages:
    com.unity.2d.sprite@1.0.0 (location: D:\0_code\Smart_Glasses_Distilled\AR-campus-nav\Library\PackageCache\com.unity.2d.sprite@929df5adbb1f)
    com.unity.feature.development@1.0.2 (location: D:\0_code\Smart_Glasses_Distilled\AR-campus-nav\Library\PackageCache\com.unity.feature.development@767aadbc6eb7)
    com.unity.multiplayer.center@1.0.1 (location: D:\0_code\Smart_Glasses_Distilled\AR-campus-nav\Library\PackageCache\com.unity.multiplayer.center@f01f4ba8d00a)
    com.unity.ugui@2.0.0 (location: D:\0_code\Smart_Glasses_Distilled\AR-campus-nav\Library\PackageCache\com.unity.ugui@d2dae5d39d6b)
    com.unity.modules.accessibility@1.0.0 (location: D:\0_code\Smart_Glasses_Distilled\AR-campus-nav\Library\PackageCache\com.unity.modules.accessibility)
    com.unity.modules.adaptiveperformance@1.0.0 (location: D:\0_code\Smart_Glasses_Distilled\AR-campus-nav\Library\PackageCache\com.unity.modules.adaptiveperformance)
    com.unity.modules.ai@1.0.0 (location: D:\0_code\Smart_Glasses_Distilled\AR-campus-nav\Library\PackageCache\com.unity.modules.ai)
    com.unity.modules.androidjni@1.0.0 (location: D:\0_code\Smart_Glasses_Distilled\AR-campus-nav\Library\PackageCache\com.unity.modules.androidjni)
    com.unity.modules.animation@1.0.0 (location: D:\0_code\Smart_Glasses_Distilled\AR-campus-nav\Library\PackageCache\com.unity.modules.animation)
    com.unity.modules.assetbundle@1.0.0 (location: D:\0_code\Smart_Glasses_Distilled\AR-campus-nav\Library\PackageCache\com.unity.modules.assetbundle)
    com.unity.modules.audio@1.0.0 (location: D:\0_code\Smart_Glasses_Distilled\AR-campus-nav\Library\PackageCache\com.unity.modules.audio)
    com.unity.modules.cloth@1.0.0 (location: D:\0_code\Smart_Glasses_Distilled\AR-campus-nav\Library\PackageCache\com.unity.modules.cloth)
    com.unity.modules.director@1.0.0 (location: D:\0_code\Smart_Glasses_Distilled\AR-campus-nav\Library\PackageCache\com.unity.modules.director)
    com.unity.modules.imageconversion@1.0.0 (location: D:\0_code\Smart_Glasses_Distilled\AR-campus-nav\Library\PackageCache\com.unity.modules.imageconversion)
    com.unity.modules.imgui@1.0.0 (location: D:\0_code\Smart_Glasses_Distilled\AR-campus-nav\Library\PackageCache\com.unity.modules.imgui)
    com.unity.modules.jsonserialize@1.0.0 (location: D:\0_code\Smart_Glasses_Distilled\AR-campus-nav\Library\PackageCache\com.unity.modules.jsonserialize)
    com.unity.modules.particlesystem@1.0.0 (location: D:\0_code\Smart_Glasses_Distilled\AR-campus-nav\Library\PackageCache\com.unity.modules.particlesystem)
    com.unity.modules.physics@1.0.0 (location: D:\0_code\Smart_Glasses_Distilled\AR-campus-nav\Library\PackageCache\com.unity.modules.physics)
    com.unity.modules.physics2d@1.0.0 (location: D:\0_code\Smart_Glasses_Distilled\AR-campus-nav\Library\PackageCache\com.unity.modules.physics2d)
    com.unity.modules.screencapture@1.0.0 (location: D:\0_code\Smart_Glasses_Distilled\AR-campus-nav\Library\PackageCache\com.unity.modules.screencapture)
    com.unity.modules.terrain@1.0.0 (location: D:\0_code\Smart_Glasses_Distilled\AR-campus-nav\Library\PackageCache\com.unity.modules.terrain)
    com.unity.modules.terrainphysics@1.0.0 (location: D:\0_code\Smart_Glasses_Distilled\AR-campus-nav\Library\PackageCache\com.unity.modules.terrainphysics)
    com.unity.modules.tilemap@1.0.0 (location: D:\0_code\Smart_Glasses_Distilled\AR-campus-nav\Library\PackageCache\com.unity.modules.tilemap)
    com.unity.modules.ui@1.0.0 (location: D:\0_code\Smart_Glasses_Distilled\AR-campus-nav\Library\PackageCache\com.unity.modules.ui)
    com.unity.modules.uielements@1.0.0 (location: D:\0_code\Smart_Glasses_Distilled\AR-campus-nav\Library\PackageCache\com.unity.modules.uielements)
    com.unity.modules.umbra@1.0.0 (location: D:\0_code\Smart_Glasses_Distilled\AR-campus-nav\Library\PackageCache\com.unity.modules.umbra)
    com.unity.modules.unityanalytics@1.0.0 (location: D:\0_code\Smart_Glasses_Distilled\AR-campus-nav\Library\PackageCache\com.unity.modules.unityanalytics)
    com.unity.modules.unitywebrequest@1.0.0 (location: D:\0_code\Smart_Glasses_Distilled\AR-campus-nav\Library\PackageCache\com.unity.modules.unitywebrequest)
    com.unity.modules.unitywebrequestassetbundle@1.0.0 (location: D:\0_code\Smart_Glasses_Distilled\AR-campus-nav\Library\PackageCache\com.unity.modules.unitywebrequestassetbundle)
    com.unity.modules.unitywebrequestaudio@1.0.0 (location: D:\0_code\Smart_Glasses_Distilled\AR-campus-nav\Library\PackageCache\com.unity.modules.unitywebrequestaudio)
    com.unity.modules.unitywebrequesttexture@1.0.0 (location: D:\0_code\Smart_Glasses_Distilled\AR-campus-nav\Library\PackageCache\com.unity.modules.unitywebrequesttexture)
    com.unity.modules.unitywebrequestwww@1.0.0 (location: D:\0_code\Smart_Glasses_Distilled\AR-campus-nav\Library\PackageCache\com.unity.modules.unitywebrequestwww)
    com.unity.modules.vectorgraphics@1.0.0 (location: D:\0_code\Smart_Glasses_Distilled\AR-campus-nav\Library\PackageCache\com.unity.modules.vectorgraphics)
    com.unity.modules.vehicles@1.0.0 (location: D:\0_code\Smart_Glasses_Distilled\AR-campus-nav\Library\PackageCache\com.unity.modules.vehicles)
    com.unity.modules.video@1.0.0 (location: D:\0_code\Smart_Glasses_Distilled\AR-campus-nav\Library\PackageCache\com.unity.modules.video)
    com.unity.modules.vr@1.0.0 (location: D:\0_code\Smart_Glasses_Distilled\AR-campus-nav\Library\PackageCache\com.unity.modules.vr)
    com.unity.modules.wind@1.0.0 (location: D:\0_code\Smart_Glasses_Distilled\AR-campus-nav\Library\PackageCache\com.unity.modules.wind)
    com.unity.modules.xr@1.0.0 (location: D:\0_code\Smart_Glasses_Distilled\AR-campus-nav\Library\PackageCache\com.unity.modules.xr)
    com.unity.modules.subsystems@1.0.0 (location: D:\0_code\Smart_Glasses_Distilled\AR-campus-nav\Library\PackageCache\com.unity.modules.subsystems)
    com.unity.modules.hierarchycore@1.0.0 (location: D:\0_code\Smart_Glasses_Distilled\AR-campus-nav\Library\PackageCache\com.unity.modules.hierarchycore)
    com.unity.textmeshpro@5.0.0 (location: D:\0_code\Smart_Glasses_Distilled\AR-campus-nav\Library\PackageCache\com.unity.textmeshpro@53f43edfd2e0)
    com.unity.test-framework@1.6.0 (location: D:\0_code\Smart_Glasses_Distilled\AR-campus-nav\Library\PackageCache\com.unity.test-framework@629486125cfc)
    com.unity.collections@6.4.0 (location: D:\0_code\Smart_Glasses_Distilled\AR-campus-nav\Library\PackageCache\com.unity.collections@538ace9075bc)
    com.unity.ext.nunit@2.0.5 (location: D:\0_code\Smart_Glasses_Distilled\AR-campus-nav\Library\PackageCache\com.unity.ext.nunit@d8c07649098d)
  Git packages:
    com.multiset.sdk@https://github.com/MultiSet-AI/multiset-unity-sdk.git (location: D:\0_code\Smart_Glasses_Distilled\AR-campus-nav\Library\PackageCache\com.multiset.sdk@a03bf2f47563)
  Local Tarball packages:
    com.microsoft.mrtk.graphicstools.unity@file:D:\0_code\Smart_Glasses_Distilled\AR-campus-nav\Packages\MixedReality\com.microsoft.mrtk.graphicstools.unity-0.5.12.tgz (location: D:\0_code\Smart_Glasses_Distilled\AR-campus-nav\Library\PackageCache\com.microsoft.mrtk.graphicstools.unity@770ae1f34e33)
    org.mixedrealitytoolkit.core@file:D:\0_code\Smart_Glasses_Distilled\AR-campus-nav\Packages\MixedReality\org.mixedrealitytoolkit.core-4.0.0-pre.1.tgz (location: D:\0_code\Smart_Glasses_Distilled\AR-campus-nav\Library\PackageCache\org.mixedrealitytoolkit.core@ceae5713f14e)
    org.mixedrealitytoolkit.input@file:D:\0_code\Smart_Glasses_Distilled\AR-campus-nav\Packages\MixedReality\org.mixedrealitytoolkit.input-4.0.0-pre.1.tgz (location: D:\0_code\Smart_Glasses_Distilled\AR-campus-nav\Library\PackageCache\org.mixedrealitytoolkit.input@9bc94a6761e7)
    org.mixedrealitytoolkit.spatialmanipulation@file:D:\0_code\Smart_Glasses_Distilled\AR-campus-nav\Packages\MixedReality\org.mixedrealitytoolkit.spatialmanipulation-4.0.0-pre.1.tgz (location: D:\0_code\Smart_Glasses_Distilled\AR-campus-nav\Library\PackageCache\org.mixedrealitytoolkit.spatialmanipulation@5fe191610f47)
    org.mixedrealitytoolkit.standardassets@file:D:\0_code\Smart_Glasses_Distilled\AR-campus-nav\Packages\MixedReality\org.mixedrealitytoolkit.standardassets-3.1.0.tgz (location: D:\0_code\Smart_Glasses_Distilled\AR-campus-nav\Library\PackageCache\org.mixedrealitytoolkit.standardassets@30664ff4df7a)
    org.mixedrealitytoolkit.uxcomponents@file:D:\0_code\Smart_Glasses_Distilled\AR-campus-nav\Packages\MixedReality\org.mixedrealitytoolkit.uxcomponents-4.0.0-pre.1.tgz (location: D:\0_code\Smart_Glasses_Distilled\AR-campus-nav\Library\PackageCache\org.mixedrealitytoolkit.uxcomponents@30f1aaf4116e)
    org.mixedrealitytoolkit.uxcore@file:D:\0_code\Smart_Glasses_Distilled\AR-campus-nav\Packages\MixedReality\org.mixedrealitytoolkit.uxcore-4.0.0-pre.1.tgz (location: D:\0_code\Smart_Glasses_Distilled\AR-campus-nav\Library\PackageCache\org.mixedrealitytoolkit.uxcore@6167e5f3598f)
[Subsystems] Looking for new subsystems at path D:\0_code\Smart_Glasses_Distilled\AR-campus-nav\Library\PackageCache\com.unity.xr.arfoundation@ad22dea2a3eb
[Subsystems] Novel subsystem found at Library/PackageCache/com.unity.xr.arfoundation@ad22dea2a3eb/Runtime/UnitySubsystemsManifest.json
[Subsystems] Discovering subsystems at path G:/Unity Hub/Editor/6000.4.0b11/Editor/Data/Resources/UnitySubsystems
[Subsystems] Discovering subsystems at path D:/0_code/Smart_Glasses_Distilled/AR-campus-nav/Assets
[Subsystems] Discovering subsystems at path D:\0_code\Smart_Glasses_Distilled\AR-campus-nav\Library\PackageCache\com.unity.xr.arfoundation@ad22dea2a3eb
[Subsystems] No descriptors matched for  examples in Library/PackageCache/com.unity.xr.arfoundation@ad22dea2a3eb/Runtime/UnitySubsystemsManifest.json.
[Subsystems] 1 'inputs' descriptors matched in Library/PackageCache/com.unity.xr.arfoundation@ad22dea2a3eb/Runtime/UnitySubsystemsManifest.json
[Subsystems] No descriptors matched for  displays in Library/PackageCache/com.unity.xr.arfoundation@ad22dea2a3eb/Runtime/UnitySubsystemsManifest.json.
[Subsystems] 1 'meshings' descriptors matched in Library/PackageCache/com.unity.xr.arfoundation@ad22dea2a3eb/Runtime/UnitySubsystemsManifest.json
[Subsystems] Discovering subsystems at path D:\0_code\Smart_Glasses_Distilled\AR-campus-nav\Library\PackageCache\com.unity.xr.openxr@ef0033a586bf
[Subsystems] No descriptors matched for  examples in Library/PackageCache/com.unity.xr.openxr@ef0033a586bf/Runtime/UnitySubsystemsManifest.json.
[Subsystems] 1 'inputs' descriptors matched in Library/PackageCache/com.unity.xr.openxr@ef0033a586bf/Runtime/UnitySubsystemsManifest.json
[Subsystems] 1 'displays' descriptors matched in Library/PackageCache/com.unity.xr.openxr@ef0033a586bf/Runtime/UnitySubsystemsManifest.json
[Subsystems] No descriptors matched for  meshings in Library/PackageCache/com.unity.xr.openxr@ef0033a586bf/Runtime/UnitySubsystemsManifest.json.
[Package Manager] Done registering packages in 0.03 seconds
info: Microsoft.Hosting.Lifetime[14]
      Now listening on: http://localhost:80
info: Microsoft.Hosting.Lifetime[0]
      Application started. Press Ctrl+C to shut down.
info: Microsoft.Hosting.Lifetime[0]
      Hosting environment: Production
info: Microsoft.Hosting.Lifetime[0]
      Content root path: D:\0_code\Smart_Glasses_Distilled\AR-campus-nav
info: Microsoft.AspNetCore.Hosting.Diagnostics[1]
      Request starting HTTP/2 POST http://ilpp/UnityILPP.PostProcessing/Ping - application/grpc -
info: Microsoft.AspNetCore.Routing.EndpointMiddleware[0]
      Executing endpoint 'gRPC - /UnityILPP.PostProcessing/Ping'
info: Microsoft.AspNetCore.Routing.EndpointMiddleware[1]
      Executed endpoint 'gRPC - /UnityILPP.PostProcessing/Ping'
info: Microsoft.AspNetCore.Hosting.Diagnostics[2]
      Request finished HTTP/2 POST http://ilpp/UnityILPP.PostProcessing/Ping - 200 - application/grpc 34.5047ms
Starting: G:\Unity Hub\Editor\6000.4.0b11\Editor\Data\Tools\BuildPipeline\bee_backend.exe --ipc --defer-dag-verification --dagfile="Library/Bee/1900b0aEDbg.dag" --continue-on-failure --profile="Library/Bee/backend1.traceevents" ScriptAssemblies
WorkingDir: D:/0_code/Smart_Glasses_Distilled/AR-campus-nav
info: Microsoft.AspNetCore.Hosting.Diagnostics[1]
      Request starting HTTP/2 POST http://ilpp/UnityILPP.PostProcessing/ConfigurePostProcessors - application/grpc -
info: Microsoft.AspNetCore.Routing.EndpointMiddleware[0]
      Executing endpoint 'gRPC - /UnityILPP.PostProcessing/ConfigurePostProcessors'
warn: Unity.ILPP.Runner.PostProcessingAssemblyLoadContext[0]
      Assembly system.runtime.interopservices.windowsruntime has duplicate hint path. Ignoring "G:\Unity Hub\Editor\6000.4.0b11\Editor\Data\UnityReferenceAssemblies\unity-4.8-api\Facades\System.Runtime.InteropServices.WindowsRuntime.dll" in favor of "G:\Unity Hub\Editor\6000.4.0b11\Editor\Data\NetStandard\Extensions\2.0.0\System.Runtime.InteropServices.WindowsRuntime.dll"
warn: Unity.ILPP.Runner.PostProcessingAssemblyLoadContext[0]
      Assembly system.componentmodel.composition has duplicate hint path. Ignoring "G:\Unity Hub\Editor\6000.4.0b11\Editor\Data\UnityReferenceAssemblies\unity-4.8-api\System.ComponentModel.Composition.dll" in favor of "G:\Unity Hub\Editor\6000.4.0b11\Editor\Data\NetStandard\compat\2.1.0\shims\netfx\System.ComponentModel.Composition.dll"
info: Unity.ILPP.Runner.PostProcessingAssemblyLoadContext[0]
      Resolved Unity.Burst.Cecil, Version=0.11.4.0, Culture=neutral, PublicKeyToken=50cebf1cceb9d05e with Library\PackageCache\com.unity.burst@07790c2d06d9\Unity.Burst.CodeGen\Unity.Burst.Cecil.dll
info: Unity.ILPP.Runner.PostProcessingAssemblyLoadContext[0]
      Resolved Mono.Cecil, Version=0.11.5.0, Culture=neutral, PublicKeyToken=50cebf1cceb9d05e with Library\PackageCache\com.unity.nuget.mono-cecil@ecb9724e46ff\Mono.Cecil.dll
info: Microsoft.AspNetCore.Routing.EndpointMiddleware[1]
      Executed endpoint 'gRPC - /UnityILPP.PostProcessing/ConfigurePostProcessors'
info: Microsoft.AspNetCore.Hosting.Diagnostics[2]
      Request finished HTTP/2 POST http://ilpp/UnityILPP.PostProcessing/ConfigurePostProcessors - 200 - application/grpc 70.6653ms
DisplayProgressbar: Compiling Scripts
ExitCode: 0 Duration: 0s472ms
[1091/1434  0s] ILPP-Configuration Library/ilpp-configuration.nevergeneratedoutput
*** Tundra build success (0.43 seconds), 1 items updated, 1434 evaluated
AssetDatabase: script compilation time: 1.097244s
Begin MonoManager ReloadAssembly
Assembly Assembly-CSharp-Editor-firstpass.dll at Library/ScriptAssemblies/Assembly-CSharp-Editor-firstpass.dll not valid. Loading of assembly skipped.
Assembly Assembly-CSharp-Editor.dll at Library/ScriptAssemblies/Assembly-CSharp-Editor.dll not valid. Loading of assembly skipped.
Assembly Assembly-CSharp-firstpass.dll at Library/ScriptAssemblies/Assembly-CSharp-firstpass.dll not valid. Loading of assembly skipped.
Assembly DocCodeExamples.dll at Library/ScriptAssemblies/DocCodeExamples.dll not valid. Loading of assembly skipped.
Assembly MixedReality.Toolkit.Core.Editor.Tests.dll at Library/ScriptAssemblies/MixedReality.Toolkit.Core.Editor.Tests.dll not valid. Loading of assembly skipped.
Assembly MixedReality.Toolkit.Core.Runtime.Tests.dll at Library/ScriptAssemblies/MixedReality.Toolkit.Core.Runtime.Tests.dll not valid. Loading of assembly skipped.
Assembly MixedReality.Toolkit.Core.TestUtilities.dll at Library/ScriptAssemblies/MixedReality.Toolkit.Core.TestUtilities.dll not valid. Loading of assembly skipped.
Assembly MixedReality.Toolkit.Input.Editor.Tests.dll at Library/ScriptAssemblies/MixedReality.Toolkit.Input.Editor.Tests.dll not valid. Loading of assembly skipped.
Assembly MixedReality.Toolkit.Input.Runtime.Tests.dll at Library/ScriptAssemblies/MixedReality.Toolkit.Input.Runtime.Tests.dll not valid. Loading of assembly skipped.
Assembly MixedReality.Toolkit.SpatialManipulation.Editor.Tests.dll at Library/ScriptAssemblies/MixedReality.Toolkit.SpatialManipulation.Editor.Tests.dll not valid. Loading of assembly skipped.
Assembly MixedReality.Toolkit.SpatialManipulation.Runtime.Tests.dll at Library/ScriptAssemblies/MixedReality.Toolkit.SpatialManipulation.Runtime.Tests.dll not valid. Loading of assembly skipped.
Assembly MixedReality.Toolkit.StandardAssets.Editor.Tests.dll at Library/ScriptAssemblies/MixedReality.Toolkit.StandardAssets.Editor.Tests.dll not valid. Loading of assembly skipped.
Assembly MixedReality.Toolkit.UXComponents.Editor.Tests.dll at Library/ScriptAssemblies/MixedReality.Toolkit.UXComponents.Editor.Tests.dll not valid. Loading of assembly skipped.
Assembly MixedReality.Toolkit.UXComponents.Runtime.Tests.dll at Library/ScriptAssemblies/MixedReality.Toolkit.UXComponents.Runtime.Tests.dll not valid. Loading of assembly skipped.
Assembly MixedReality.Toolkit.UXCore.Editor.Tests.dll at Library/ScriptAssemblies/MixedReality.Toolkit.UXCore.Editor.Tests.dll not valid. Loading of assembly skipped.
Assembly MixedReality.Toolkit.UXCore.Runtime.Tests.dll at Library/ScriptAssemblies/MixedReality.Toolkit.UXCore.Runtime.Tests.dll not valid. Loading of assembly skipped.
Assembly TestNewCustomAssembly.dll at Library/ScriptAssemblies/TestNewCustomAssembly.dll not valid. Loading of assembly skipped.
Assembly Unity.2D.Sprite.Package.EditorTests.dll at Library/ScriptAssemblies/Unity.2D.Sprite.Package.EditorTests.dll not valid. Loading of assembly skipped.
Assembly Unity.Collections.BurstCompatibilityGen.dll at Library/ScriptAssemblies/Unity.Collections.BurstCompatibilityGen.dll not valid. Loading of assembly skipped.
Assembly Unity.Collections.DocCodeSamples.dll at Library/ScriptAssemblies/Unity.Collections.DocCodeSamples.dll not valid. Loading of assembly skipped.
Assembly Unity.Collections.PerformanceTests.dll at Library/ScriptAssemblies/Unity.Collections.PerformanceTests.dll not valid. Loading of assembly skipped.
Assembly Unity.Collections.Tests.dll at Library/ScriptAssemblies/Unity.Collections.Tests.dll not valid. Loading of assembly skipped.
Assembly Unity.Collections.Tests.Playmode.dll at Library/ScriptAssemblies/Unity.Collections.Tests.Playmode.dll not valid. Loading of assembly skipped.
Assembly Unity.InputSystem.IntegrationTests.dll at Library/ScriptAssemblies/Unity.InputSystem.IntegrationTests.dll not valid. Loading of assembly skipped.
Assembly Unity.Mathematics.Tests.dll at Library/ScriptAssemblies/Unity.Mathematics.Tests.dll not valid. Loading of assembly skipped.
Assembly Unity.Multiplayer.Center.Editor.Tests.dll at Library/ScriptAssemblies/Unity.Multiplayer.Center.Editor.Tests.dll not valid. Loading of assembly skipped.
Assembly Unity.Multiplayer.Center.Tests.dll at Library/ScriptAssemblies/Unity.Multiplayer.Center.Tests.dll not valid. Loading of assembly skipped.
Assembly Unity.Nuget.Mono-Cecil.dll at Library/ScriptAssemblies/Unity.Nuget.Mono-Cecil.dll not valid. Loading of assembly skipped.
Assembly Unity.Performance.Profile-Analyzer.EditorTests.dll at Library/ScriptAssemblies/Unity.Performance.Profile-Analyzer.EditorTests.dll not valid. Loading of assembly skipped.
Assembly Unity.Settings.Tests.dll at Library/ScriptAssemblies/Unity.Settings.Tests.dll not valid. Loading of assembly skipped.
Assembly Unity.TestTools.CodeCoverage.Editor.Compatibility.dll at Library/ScriptAssemblies/Unity.TestTools.CodeCoverage.Editor.Compatibility.dll not valid. Loading of assembly skipped.
Assembly Unity.TextMeshPro.Editor.Tests.dll at Library/ScriptAssemblies/Unity.TextMeshPro.Editor.Tests.dll not valid. Loading of assembly skipped.
Assembly Unity.TextMeshPro.Tests.dll at Library/ScriptAssemblies/Unity.TextMeshPro.Tests.dll not valid. Loading of assembly skipped.
Assembly Unity.XR.ARCore.CodeSamples.Tests.dll at Library/ScriptAssemblies/Unity.XR.ARCore.CodeSamples.Tests.dll not valid. Loading of assembly skipped.
Assembly Unity.XR.ARCore.Editor.Tests.dll at Library/ScriptAssemblies/Unity.XR.ARCore.Editor.Tests.dll not valid. Loading of assembly skipped.
Assembly Unity.XR.ARCore.Runtime.Tests.dll at Library/ScriptAssemblies/Unity.XR.ARCore.Runtime.Tests.dll not valid. Loading of assembly skipped.
Assembly Unity.XR.ARFoundation.CodeSamples.Editor.Tests.dll at Library/ScriptAssemblies/Unity.XR.ARFoundation.CodeSamples.Editor.Tests.dll not valid. Loading of assembly skipped.
Assembly Unity.XR.ARFoundation.CodeSamples.Tests.dll at Library/ScriptAssemblies/Unity.XR.ARFoundation.CodeSamples.Tests.dll not valid. Loading of assembly skipped.
Assembly Unity.XR.ARFoundation.Editor.Tests.dll at Library/ScriptAssemblies/Unity.XR.ARFoundation.Editor.Tests.dll not valid. Loading of assembly skipped.
Assembly Unity.XR.ARFoundation.InternalUtils.Editor.Tests.dll at Library/ScriptAssemblies/Unity.XR.ARFoundation.InternalUtils.Editor.Tests.dll not valid. Loading of assembly skipped.
Assembly Unity.XR.ARFoundation.Runtime.Tests.dll at Library/ScriptAssemblies/Unity.XR.ARFoundation.Runtime.Tests.dll not valid. Loading of assembly skipped.
Assembly Unity.XR.ARKit.CodeSamples.Tests.dll at Library/ScriptAssemblies/Unity.XR.ARKit.CodeSamples.Tests.dll not valid. Loading of assembly skipped.
Assembly Unity.XR.ARKit.Editor.Tests.dll at Library/ScriptAssemblies/Unity.XR.ARKit.Editor.Tests.dll not valid. Loading of assembly skipped.
Assembly Unity.XR.ARKit.Runtime.Tests.dll at Library/ScriptAssemblies/Unity.XR.ARKit.Runtime.Tests.dll not valid. Loading of assembly skipped.
Assembly Unity.XR.ARSubsystems.Editor.Tests.dll at Library/ScriptAssemblies/Unity.XR.ARSubsystems.Editor.Tests.dll not valid. Loading of assembly skipped.
Assembly Unity.XR.CoreUtils.CodeSamples.Tests.dll at Library/ScriptAssemblies/Unity.XR.CoreUtils.CodeSamples.Tests.dll not valid. Loading of assembly skipped.
Assembly Unity.XR.CoreUtils.Editor.Tests.dll at Library/ScriptAssemblies/Unity.XR.CoreUtils.Editor.Tests.dll not valid. Loading of assembly skipped.
Assembly Unity.XR.CoreUtils.Tests.dll at Library/ScriptAssemblies/Unity.XR.CoreUtils.Tests.dll not valid. Loading of assembly skipped.
Assembly Unity.XR.Hands.Editor.Tests.dll at Library/ScriptAssemblies/Unity.XR.Hands.Editor.Tests.dll not valid. Loading of assembly skipped.
Assembly Unity.XR.Hands.Tests.dll at Library/ScriptAssemblies/Unity.XR.Hands.Tests.dll not valid. Loading of assembly skipped.
Assembly Unity.XR.Interaction.Toolkit.Editor.Tests.dll at Library/ScriptAssemblies/Unity.XR.Interaction.Toolkit.Editor.Tests.dll not valid. Loading of assembly skipped.
Assembly Unity.XR.Interaction.Toolkit.Tests.dll at Library/ScriptAssemblies/Unity.XR.Interaction.Toolkit.Tests.dll not valid. Loading of assembly skipped.
Assembly Unity.XR.Management.EditorTests.dll at Library/ScriptAssemblies/Unity.XR.Management.EditorTests.dll not valid. Loading of assembly skipped.
Assembly Unity.XR.Management.TestPackage.dll at Library/ScriptAssemblies/Unity.XR.Management.TestPackage.dll not valid. Loading of assembly skipped.
Assembly Unity.XR.Management.TestPackage.Editor.dll at Library/ScriptAssemblies/Unity.XR.Management.TestPackage.Editor.dll not valid. Loading of assembly skipped.
Assembly Unity.XR.Management.Tests.dll at Library/ScriptAssemblies/Unity.XR.Management.Tests.dll not valid. Loading of assembly skipped.
Assembly Unity.XR.Management.Tests.Standalone.dll at Library/ScriptAssemblies/Unity.XR.Management.Tests.Standalone.dll not valid. Loading of assembly skipped.
Assembly Unity.XR.OpenXR.Editor.Tests.dll at Library/ScriptAssemblies/Unity.XR.OpenXR.Editor.Tests.dll not valid. Loading of assembly skipped.
Assembly Unity.XR.OpenXR.Tests.dll at Library/ScriptAssemblies/Unity.XR.OpenXR.Tests.dll not valid. Loading of assembly skipped.
Assembly Unity.XR.OpenXR.Ubuntu.Tests.dll at Library/ScriptAssemblies/Unity.XR.OpenXR.Ubuntu.Tests.dll not valid. Loading of assembly skipped.
Assembly Unity.XR.Simulation.Editor.Tests.dll at Library/ScriptAssemblies/Unity.XR.Simulation.Editor.Tests.dll not valid. Loading of assembly skipped.
Assembly Unity.XR.Simulation.Runtime.Tests.dll at Library/ScriptAssemblies/Unity.XR.Simulation.Runtime.Tests.dll not valid. Loading of assembly skipped.
Assembly Unity.XR.TestSupport.dll at Library/ScriptAssemblies/Unity.XR.TestSupport.dll not valid. Loading of assembly skipped.
Assembly Unity.XR.TestTooling.Editor.Tests.dll at Library/ScriptAssemblies/Unity.XR.TestTooling.Editor.Tests.dll not valid. Loading of assembly skipped.
Assembly UnityEditor.UI.EditorTests.dll at Library/ScriptAssemblies/UnityEditor.UI.EditorTests.dll not valid. Loading of assembly skipped.
Assembly UnityEditor.XR.LegacyInputHelpers.Tests.dll at Library/ScriptAssemblies/UnityEditor.XR.LegacyInputHelpers.Tests.dll not valid. Loading of assembly skipped.
Assembly UnityEngine.SpatialTracking.Tests.dll at Library/ScriptAssemblies/UnityEngine.SpatialTracking.Tests.dll not valid. Loading of assembly skipped.
Assembly UnityEngine.UI.Tests.dll at Library/ScriptAssemblies/UnityEngine.UI.Tests.dll not valid. Loading of assembly skipped.
Assembly UnityEngine.XR.OpenXR.CodeSamples.Editor.Tests.dll at Library/ScriptAssemblies/UnityEngine.XR.OpenXR.CodeSamples.Editor.Tests.dll not valid. Loading of assembly skipped.
Refreshing native plugins compatible for Editor in 12.89 ms, found 12 plugins.
Native extension for Android target not found
Native extension for UWP target not found
Native extension for WindowsStandalone target not found
Refreshing native plugins compatible for Editor in 15.88 ms, found 12 plugins.
ScheduleIndexationOnStartup MainProcess:True IndexOnStartup:True
Mono: successfully reloaded assembly
- Finished resetting the current domain, in  7.007 seconds
Domain Reload Profiling: 8210ms
	BeginReloadAssembly (335ms)
		DisableScriptedObjects (14ms)
		CreateAndSetChildDomain (159ms)
	RebuildCommonClasses (45ms)
	RebuildNativeTypeToScriptingClass (16ms)
	initialDomainReloadingComplete (60ms)
	LoadAllAssembliesAndSetupDomain (746ms)
		LoadAssemblies (466ms)
		AnalyzeDomain (385ms)
			TypeCache.Refresh (260ms)
				TypeCache.ScanAssembly (243ms)
			BuildScriptInfoCaches (105ms)
			ResolveRequiredComponents (17ms)
	FinalizeReload (7008ms)
		SetupLoadedEditorAssemblies (0ms)
			InitializePlatformSupportModulesInManaged (37ms)
			BeforeProcessingInitializeOnLoad (334ms)
			ProcessInitializeOnLoadAttributes (5408ms)
			ProcessInitializeOnLoadMethodAttributes (995ms)
		AwakeInstancesAfterBackupRestoration (9ms)
(Values over 0.050ms)
Asset Pipeline Refresh (id=5050636ac2b9fd741997bbe2896abb5d): Total: 10.248 seconds - Initiated by InitialRefreshV2(ForceSynchronousImport)
	Summary:
		Imports: total=0 (actual=0, local cache=0, cache server=0)
		Asset DB Process Time: managed=0 ms, native=7693 ms
		Asset DB Callback time: managed=35 ms, native=44 ms
		Scripting: domain reloads=1, domain reload time=1204 ms, compile time=1099 ms, other=169 ms
		Project Asset Count: scripts=1798, non-scripts=1937
		Asset File Changes: new=0, changed=0, moved=0, deleted=0
		Scan Filter Count: 0
	InvokePackagesCallback: 87.631ms
	ApplyChangesToAssetFolders: 0.880ms
	Scan: 117.881ms
	CategorizeScriptCompilationAssets: 71.026ms
	ProcessAssetsWithTransientArtifactChanges: 102.774ms
	CategorizeAssets: 43.527ms
	CompileScripts: 1098.663ms
	ImportOutOfDateAssets: 7047.307ms (7045.243ms without children)
		UnloadImportedAssets: 0.745ms
		EnsureUptoDateAssetsAreRegisteredWithGuidPM: 0.807ms
		OnDemandSchedulerStart: 0.493ms
	PostProcessAllAssets: 36.049ms
		MonoPostProcessAllAssets: 35.993ms
			SyncVS.PostprocessSyncProject 13.572ms
			WindowAssetPostprocessingWatcher.OnPostprocessAllAssets 9.652ms
			SpeedTree9Postprocessor.OnPostprocessAllAssets 0.859ms
			InputActionAssetPostprocessor.OnPostprocessAllAssets 0.328ms
			ReferencedClipsPostProcessor.OnPostprocessAllAssets 0.306ms
			TerrainToolbarOverlayPostProcessor.OnPostprocessAllAssets 0.252ms
			AssetDatabaseCallbacks.OnPostprocessAllAssets 0.217ms
			ProjectSettingsPostprocessor.OnPostprocessAllAssets 0.208ms
			RenderPipelineGlobalSettingsPostprocessor.OnPostprocessAllAssets 0.085ms
	UnloadStreamsBegin: 3.188ms
	PersistCurrentRevisions: 0.121ms
	GenerateScriptTypeHashes: 8.372ms
	GenerateScriptTypeSerializationHashes: 14.121ms
	Untracked: 1637.024ms

Application.AssetDatabase Initial Refresh End
Scanning for USB devices : 5.265ms
Initializing Unity extensions:
[MODES] ModeService[none].Initialize
[MODES] ModeService[none].LoadModes
[MODES] Loading mode Default (0) for mode-current-id-MapSet Example
Unloading 15 Unused Serialized files (Serialized files now loaded: 0)
Unloading 7372 unused Assets / (6.2 MB). Loaded Objects now: 8082.
Memory consumption went from 219.4 MB to 213.2 MB.
Total: 16.654100 ms (FindLiveObjects: 1.049700 ms CreateObjectMapping: 1.501200 ms MarkObjects: 8.281200 ms  DeleteObjects: 5.814500 ms)

Batchmode quit successfully invoked - shutting down!
Font Asset [LiberationSans SDF - Fallback] Units Per EM set to 2048. Please commit the newly serialized value.
UnityEngine.Debug:ExtractStackTraceNoAlloc (byte*,int,string)
UnityEngine.StackTraceUtility:ExtractStackTrace ()
UnityEngine.DebugLogHandler:Internal_Log (UnityEngine.LogType,UnityEngine.LogOption,string,UnityEngine.Object)
UnityEngine.DebugLogHandler:LogFormat (UnityEngine.LogType,UnityEngine.Object,string,object[])
UnityEngine.Logger:Log (UnityEngine.LogType,object)
UnityEngine.Debug:Log (object)
TMPro.TMP_FontAsset:ReadFontAssetDefinition () (at ./Library/PackageCache/com.unity.ugui@d2dae5d39d6b/Runtime/TMP/TMP_FontAsset.cs:819)
TMPro.TMP_FontAsset:OnValidate () (at ./Library/PackageCache/com.unity.ugui@d2dae5d39d6b/Runtime/TMP/TMP_FontAsset.cs:757)
UnityEditor.AssetDatabase:LoadAssetAtPath (string,System.Type)
UnityEditor.AssetDatabase:LoadAssetAtPath<TMPro.TMP_FontAsset> (string)
TMPro.EditorEventCallbacks/<>c:<InitializeFontAssetResourceChangeCallBacks>b__0_0 () (at ./Library/PackageCache/com.unity.ugui@d2dae5d39d6b/Editor/TMP/TMP_EditorResourceManager.cs:32)
UnityEditor.EditorApplication:Internal_EditorApplicationQuit ()

(Filename: ./Library/PackageCache/com.unity.ugui@d2dae5d39d6b/Runtime/TMP/TMP_FontAsset.cs Line: 819)

Font Asset [selawk SDF] Units Per EM set to 2048. Please commit the newly serialized value.
UnityEngine.Debug:ExtractStackTraceNoAlloc (byte*,int,string)
UnityEngine.StackTraceUtility:ExtractStackTrace ()
UnityEngine.DebugLogHandler:Internal_Log (UnityEngine.LogType,UnityEngine.LogOption,string,UnityEngine.Object)
UnityEngine.DebugLogHandler:LogFormat (UnityEngine.LogType,UnityEngine.Object,string,object[])
UnityEngine.Logger:Log (UnityEngine.LogType,object)
UnityEngine.Debug:Log (object)
TMPro.TMP_FontAsset:ReadFontAssetDefinition () (at ./Library/PackageCache/com.unity.ugui@d2dae5d39d6b/Runtime/TMP/TMP_FontAsset.cs:819)
TMPro.TMP_FontAsset:OnValidate () (at ./Library/PackageCache/com.unity.ugui@d2dae5d39d6b/Runtime/TMP/TMP_FontAsset.cs:757)
UnityEditor.AssetDatabase:LoadAssetAtPath (string,System.Type)
UnityEditor.AssetDatabase:LoadAssetAtPath<TMPro.TMP_FontAsset> (string)
TMPro.EditorEventCallbacks/<>c:<InitializeFontAssetResourceChangeCallBacks>b__0_0 () (at ./Library/PackageCache/com.unity.ugui@d2dae5d39d6b/Editor/TMP/TMP_EditorResourceManager.cs:32)
UnityEditor.EditorApplication:Internal_EditorApplicationQuit ()

(Filename: ./Library/PackageCache/com.unity.ugui@d2dae5d39d6b/Runtime/TMP/TMP_FontAsset.cs Line: 819)

Font Asset [selawkb SDF] Units Per EM set to 2048. Please commit the newly serialized value.
UnityEngine.Debug:ExtractStackTraceNoAlloc (byte*,int,string)
UnityEngine.StackTraceUtility:ExtractStackTrace ()
UnityEngine.DebugLogHandler:Internal_Log (UnityEngine.LogType,UnityEngine.LogOption,string,UnityEngine.Object)
UnityEngine.DebugLogHandler:LogFormat (UnityEngine.LogType,UnityEngine.Object,string,object[])
UnityEngine.Logger:Log (UnityEngine.LogType,object)
UnityEngine.Debug:Log (object)
TMPro.TMP_FontAsset:ReadFontAssetDefinition () (at ./Library/PackageCache/com.unity.ugui@d2dae5d39d6b/Runtime/TMP/TMP_FontAsset.cs:819)
TMPro.TMP_FontAsset:OnValidate () (at ./Library/PackageCache/com.unity.ugui@d2dae5d39d6b/Runtime/TMP/TMP_FontAsset.cs:757)
UnityEditor.AssetDatabase:LoadAssetAtPath (string,System.Type)
UnityEditor.AssetDatabase:LoadAssetAtPath<TMPro.TMP_FontAsset> (string)
TMPro.EditorEventCallbacks/<>c:<InitializeFontAssetResourceChangeCallBacks>b__0_0 () (at ./Library/PackageCache/com.unity.ugui@d2dae5d39d6b/Editor/TMP/TMP_EditorResourceManager.cs:32)
UnityEditor.EditorApplication:Internal_EditorApplicationQuit ()

(Filename: ./Library/PackageCache/com.unity.ugui@d2dae5d39d6b/Runtime/TMP/TMP_FontAsset.cs Line: 819)

Font Asset [selawkl SDF] Units Per EM set to 2048. Please commit the newly serialized value.
UnityEngine.Debug:ExtractStackTraceNoAlloc (byte*,int,string)
UnityEngine.StackTraceUtility:ExtractStackTrace ()
UnityEngine.DebugLogHandler:Internal_Log (UnityEngine.LogType,UnityEngine.LogOption,string,UnityEngine.Object)
UnityEngine.DebugLogHandler:LogFormat (UnityEngine.LogType,UnityEngine.Object,string,object[])
UnityEngine.Logger:Log (UnityEngine.LogType,object)
UnityEngine.Debug:Log (object)
TMPro.TMP_FontAsset:ReadFontAssetDefinition () (at ./Library/PackageCache/com.unity.ugui@d2dae5d39d6b/Runtime/TMP/TMP_FontAsset.cs:819)
TMPro.TMP_FontAsset:OnValidate () (at ./Library/PackageCache/com.unity.ugui@d2dae5d39d6b/Runtime/TMP/TMP_FontAsset.cs:757)
UnityEditor.AssetDatabase:LoadAssetAtPath (string,System.Type)
UnityEditor.AssetDatabase:LoadAssetAtPath<TMPro.TMP_FontAsset> (string)
TMPro.EditorEventCallbacks/<>c:<InitializeFontAssetResourceChangeCallBacks>b__0_0 () (at ./Library/PackageCache/com.unity.ugui@d2dae5d39d6b/Editor/TMP/TMP_EditorResourceManager.cs:32)
UnityEditor.EditorApplication:Internal_EditorApplicationQuit ()

(Filename: ./Library/PackageCache/com.unity.ugui@d2dae5d39d6b/Runtime/TMP/TMP_FontAsset.cs Line: 819)

Font Asset [selawksb SDF] Units Per EM set to 2048. Please commit the newly serialized value.
UnityEngine.Debug:ExtractStackTraceNoAlloc (byte*,int,string)
UnityEngine.StackTraceUtility:ExtractStackTrace ()
UnityEngine.DebugLogHandler:Internal_Log (UnityEngine.LogType,UnityEngine.LogOption,string,UnityEngine.Object)
UnityEngine.DebugLogHandler:LogFormat (UnityEngine.LogType,UnityEngine.Object,string,object[])
UnityEngine.Logger:Log (UnityEngine.LogType,object)
UnityEngine.Debug:Log (object)
TMPro.TMP_FontAsset:ReadFontAssetDefinition () (at ./Library/PackageCache/com.unity.ugui@d2dae5d39d6b/Runtime/TMP/TMP_FontAsset.cs:819)
TMPro.TMP_FontAsset:OnValidate () (at ./Library/PackageCache/com.unity.ugui@d2dae5d39d6b/Runtime/TMP/TMP_FontAsset.cs:757)
UnityEditor.AssetDatabase:LoadAssetAtPath (string,System.Type)
UnityEditor.AssetDatabase:LoadAssetAtPath<TMPro.TMP_FontAsset> (string)
TMPro.EditorEventCallbacks/<>c:<InitializeFontAssetResourceChangeCallBacks>b__0_0 () (at ./Library/PackageCache/com.unity.ugui@d2dae5d39d6b/Editor/TMP/TMP_EditorResourceManager.cs:32)
UnityEditor.EditorApplication:Internal_EditorApplicationQuit ()

(Filename: ./Library/PackageCache/com.unity.ugui@d2dae5d39d6b/Runtime/TMP/TMP_FontAsset.cs Line: 819)

Font Asset [selawksl SDF] Units Per EM set to 2048. Please commit the newly serialized value.
UnityEngine.Debug:ExtractStackTraceNoAlloc (byte*,int,string)
UnityEngine.StackTraceUtility:ExtractStackTrace ()
UnityEngine.DebugLogHandler:Internal_Log (UnityEngine.LogType,UnityEngine.LogOption,string,UnityEngine.Object)
UnityEngine.DebugLogHandler:LogFormat (UnityEngine.LogType,UnityEngine.Object,string,object[])
UnityEngine.Logger:Log (UnityEngine.LogType,object)
UnityEngine.Debug:Log (object)
TMPro.TMP_FontAsset:ReadFontAssetDefinition () (at ./Library/PackageCache/com.unity.ugui@d2dae5d39d6b/Runtime/TMP/TMP_FontAsset.cs:819)
TMPro.TMP_FontAsset:OnValidate () (at ./Library/PackageCache/com.unity.ugui@d2dae5d39d6b/Runtime/TMP/TMP_FontAsset.cs:757)
UnityEditor.AssetDatabase:LoadAssetAtPath (string,System.Type)
UnityEditor.AssetDatabase:LoadAssetAtPath<TMPro.TMP_FontAsset> (string)
TMPro.EditorEventCallbacks/<>c:<InitializeFontAssetResourceChangeCallBacks>b__0_0 () (at ./Library/PackageCache/com.unity.ugui@d2dae5d39d6b/Editor/TMP/TMP_EditorResourceManager.cs:32)
UnityEditor.EditorApplication:Internal_EditorApplicationQuit ()

(Filename: ./Library/PackageCache/com.unity.ugui@d2dae5d39d6b/Runtime/TMP/TMP_FontAsset.cs Line: 819)

Killing ADB server in 0.0726113 seconds.
[Physics::Module] Cleanup current backend.
[Physics::Module] Id: 0xf2b8ea05
Input System module state changed to: ShutdownInProgress.
Input Polling Thread exited.
Input System module state changed to: Shutdown.
[Licensing::IpcConnector] LicenseClient-Moussa-notifications channel disconnected successfully.
[Licensing::IpcConnector] LicenseClient-Moussa channel disconnected successfully.
AcceleratorClientConnectionCallback - disconnected - :0
Shut down.
Cleanup mono
CodeReloadManager destroyed
abort_threads: Failed aborting id: 0000000000005B70, mono_thread_manage will ignore it

abort_threads: Failed aborting id: 00000000000065D0, mono_thread_manage will ignore it

abort_threads: Failed aborting id: 0000000000005B70, mono_thread_manage will ignore it

abort_threads: Failed aborting id: 00000000000065D0, mono_thread_manage will ignore it

debugger-agent: Unable to listen on 3144
Exiting batchmode successfully now!
Exiting without the bug reporter. Application will terminate with return code 0